2025-04-14 22:08:31.586686 - Received CBT.V505.FILE013.PDS from FILE013.XMI 
2025-04-14 22:08:31.591345 - Found $$$#DATE.txt (text/plain) in CBT.V505.FILE013.PDS, moved to PDS/$$$#DATE
2025-04-14 22:08:31.591536 - Found $$$DISC.txt (text/plain) in CBT.V505.FILE013.PDS, moved to PDS/$$$DISC
2025-04-14 22:08:31.591708 - Found $$$DOC.txt (text/plain) in CBT.V505.FILE013.PDS, moved to PDS/$$$DOC
2025-04-14 22:08:31.592082 - Found $$INDEX.txt (text/plain) in CBT.V505.FILE013.PDS, moved to PDS/$$INDEX
2025-04-14 22:08:31.592270 - Found $$THANKS.txt (text/plain) in CBT.V505.FILE013.PDS, moved to PDS/$$THANKS
2025-04-14 22:08:31.592868 - Found $NOPROP.txt (text/plain) in CBT.V505.FILE013.PDS, moved to PDS/$NOPROP
2025-04-14 22:08:31.593201 - Found @FILE013.txt (text/plain) in CBT.V505.FILE013.PDS, moved to PDS/@FILE013
2025-04-14 22:08:31.593787 - Found ACFEXIT.txt (text/plain) in CBT.V505.FILE013.PDS, moved to PDS/ACFEXIT
2025-04-14 22:08:31.594431 - Found CLEANACL.txt (text/plain) in CBT.V505.FILE013.PDS, moved to PDS/CLEANACL
2025-04-14 22:08:31.594792 - Found DSAEXIT.txt (text/plain) in CBT.V505.FILE013.PDS, moved to PDS/DSAEXIT
2025-04-14 22:08:31.595376 - Found ICHPWX01.txt (text/plain) in CBT.V505.FILE013.PDS, moved to PDS/ICHPWX01
2025-04-14 22:08:31.595599 - Found ICHRCX01.txt (text/plain) in CBT.V505.FILE013.PDS, moved to PDS/ICHRCX01
2025-04-14 22:08:31.595915 - Found ICHRCX02.txt (text/plain) in CBT.V505.FILE013.PDS, moved to PDS/ICHRCX02
2025-04-14 22:08:31.596081 - Found ICHRDSNU.txt (text/plain) in CBT.V505.FILE013.PDS, moved to PDS/ICHRDSNU
2025-04-14 22:08:31.596457 - Found ICHRDX01.txt (text/plain) in CBT.V505.FILE013.PDS, moved to PDS/ICHRDX01
2025-04-14 22:08:31.596714 - Found IGC0023I.txt (text/plain) in CBT.V505.FILE013.PDS, moved to PDS/IGC0023I
2025-04-14 22:08:31.597066 - Found JESEXIT2.txt (text/plain) in CBT.V505.FILE013.PDS, moved to PDS/JESEXIT2
2025-04-14 22:08:31.597664 - Found JES020.txt (text/plain) in CBT.V505.FILE013.PDS, moved to PDS/JES020
2025-04-14 22:08:31.597838 - Found JES020S.txt (text/plain) in CBT.V505.FILE013.PDS, moved to PDS/JES020S
2025-04-14 22:08:31.598440 - Found JOBACESS.txt (text/plain) in CBT.V505.FILE013.PDS, moved to PDS/JOBACESS
2025-04-14 22:08:31.599005 - Found JOBACOPY.txt (text/plain) in CBT.V505.FILE013.PDS, moved to PDS/JOBACOPY
2025-04-14 22:08:31.599594 - Found LISTRP.txt (text/plain) in CBT.V505.FILE013.PDS, moved to PDS/LISTRP
2025-04-14 22:08:31.599896 - Found LISTU.txt (text/plain) in CBT.V505.FILE013.PDS, moved to PDS/LISTU
2025-04-14 22:08:31.600198 - Found MACROS.txt (text/plain) in CBT.V505.FILE013.PDS, moved to PDS/MACROS
2025-04-14 22:08:31.600380 - Found NJEPROP1.txt (text/plain) in CBT.V505.FILE013.PDS, moved to PDS/NJEPROP1
2025-04-14 22:08:31.600535 - Found NJEPROP2.txt (text/plain) in CBT.V505.FILE013.PDS, moved to PDS/NJEPROP2
2025-04-14 22:08:31.600702 - Found NJEPROP3.txt (text/plain) in CBT.V505.FILE013.PDS, moved to PDS/NJEPROP3
2025-04-14 22:08:31.601235 - Found OMRACF.txt (text/plain) in CBT.V505.FILE013.PDS, moved to PDS/OMRACF
2025-04-14 22:08:31.601535 - Found OUSRSCT.txt (text/plain) in CBT.V505.FILE013.PDS, moved to PDS/OUSRSCT
2025-04-14 22:08:31.601791 - Found RACFALT.txt (text/plain) in CBT.V505.FILE013.PDS, moved to PDS/RACFALT
2025-04-14 22:08:31.602135 - Found RACFDOC.txt (text/plain) in CBT.V505.FILE013.PDS, moved to PDS/RACFDOC
2025-04-14 22:08:31.602381 - Found RACFDSET.txt (text/plain) in CBT.V505.FILE013.PDS, moved to PDS/RACFDSET
2025-04-14 22:08:31.602713 - Found RACFGRES.txt (text/plain) in CBT.V505.FILE013.PDS, moved to PDS/RACFGRES
2025-04-14 22:08:31.602943 - Found RACFGRP1.txt (text/plain) in CBT.V505.FILE013.PDS, moved to PDS/RACFGRP1
2025-04-14 22:08:31.603185 - Found RACFGRP2.txt (text/plain) in CBT.V505.FILE013.PDS, moved to PDS/RACFGRP2
2025-04-14 22:08:31.603371 - Found RACFLIST.txt (text/plain) in CBT.V505.FILE013.PDS, moved to PDS/RACFLIST
2025-04-14 22:08:31.603572 - Found RACFPROF.txt (text/plain) in CBT.V505.FILE013.PDS, moved to PDS/RACFPROF
2025-04-14 22:08:31.603910 - Found RACFPROT.txt (text/plain) in CBT.V505.FILE013.PDS, moved to PDS/RACFPROT
2025-04-14 22:08:31.604459 - Found RACFRPT.txt (text/plain) in CBT.V505.FILE013.PDS, moved to PDS/RACFRPT
2025-04-14 22:08:31.604760 - Found RACFSAMP.txt (text/plain) in CBT.V505.FILE013.PDS, moved to PDS/RACFSAMP
2025-04-14 22:08:31.605102 - Found RACFSUMM.txt (text/plain) in CBT.V505.FILE013.PDS, moved to PDS/RACFSUMM
2025-04-14 22:08:31.605444 - Found RACFTSO5.jcl (text/plain) in CBT.V505.FILE013.PDS, moved to PDS/RACFTSO5
2025-04-14 22:08:31.606049 - Found RACFUSER.jcl (text/plain) in CBT.V505.FILE013.PDS, moved to PDS/RACFUSER
2025-04-14 22:08:31.606440 - Found RACFUSR.txt (text/plain) in CBT.V505.FILE013.PDS, moved to PDS/RACFUSR
2025-04-14 22:08:31.606674 - Found RACRIX01.txt (text/plain) in CBT.V505.FILE013.PDS, moved to PDS/RACRIX01
2025-04-14 22:08:31.606862 - Found RACRIX02.txt (text/plain) in CBT.V505.FILE013.PDS, moved to PDS/RACRIX02
2025-04-14 22:08:31.607162 - Found RGROUP.txt (text/plain) in CBT.V505.FILE013.PDS, moved to PDS/RGROUP
2025-04-14 22:08:31.607371 - Found SACXTRT.txt (text/plain) in CBT.V505.FILE013.PDS, moved to PDS/SACXTRT
2025-04-14 22:08:31.607594 - Found SAGXTRT.txt (text/plain) in CBT.V505.FILE013.PDS, moved to PDS/SAGXTRT
2025-04-14 22:08:31.607791 - Found SANOADSP.txt (text/plain) in CBT.V505.FILE013.PDS, moved to PDS/SANOADSP
2025-04-14 22:08:31.608084 - Found SAPXTRT.txt (text/plain) in CBT.V505.FILE013.PDS, moved to PDS/SAPXTRT
2025-04-14 22:08:31.608267 - Found SARUSRUX.txt (text/plain) in CBT.V505.FILE013.PDS, moved to PDS/SARUSRUX
2025-04-14 22:08:31.608577 - Found SASRGEN.jcl (text/plain) in CBT.V505.FILE013.PDS, moved to PDS/SASRGEN
2025-04-14 22:08:31.608734 - Found SASRLIST.jcl (text/plain) in CBT.V505.FILE013.PDS, moved to PDS/SASRLIST
2025-04-14 22:08:31.609113 - Found SASSXXL1.txt (text/plain) in CBT.V505.FILE013.PDS, moved to PDS/SASSXXL1
2025-04-14 22:08:31.609272 - Found SAUNMASK.txt (text/plain) in CBT.V505.FILE013.PDS, moved to PDS/SAUNMASK
2025-04-14 22:08:31.609617 - Found SAUXTRT.txt (text/plain) in CBT.V505.FILE013.PDS, moved to PDS/SAUXTRT
2025-04-14 22:08:31.609946 - Found SETPW.txt (text/plain) in CBT.V505.FILE013.PDS, moved to PDS/SETPW
2025-04-14 22:08:31.610312 - Found SETPW2.txt (text/plain) in CBT.V505.FILE013.PDS, moved to PDS/SETPW2
2025-04-14 22:08:31.610680 - Found SETPW2A.txt (text/plain) in CBT.V505.FILE013.PDS, moved to PDS/SETPW2A
2025-04-14 22:08:31.611317 - Found SETUSER.txt (text/plain) in CBT.V505.FILE013.PDS, moved to PDS/SETUSER
2025-04-14 22:08:31.611683 - Found SETUSERH.txt (text/plain) in CBT.V505.FILE013.PDS, moved to PDS/SETUSERH
2025-04-14 22:08:31.611878 - Found SETUSERS.txt (text/plain) in CBT.V505.FILE013.PDS, moved to PDS/SETUSERS
2025-04-14 22:08:31.612073 - Found STARTASK.txt (text/plain) in CBT.V505.FILE013.PDS, moved to PDS/STARTASK
2025-04-14 22:08:31.612433 - Found SUBEXIT.txt (text/plain) in CBT.V505.FILE013.PDS, moved to PDS/SUBEXIT
2025-04-14 22:08:31.612629 - Found TECZ00.txt (text/plain) in CBT.V505.FILE013.PDS, moved to PDS/TECZ00
2025-04-14 22:08:31.613102 - Found TEC107.txt (text/plain) in CBT.V505.FILE013.PDS, moved to PDS/TEC107
2025-04-14 22:08:31.613424 - Found TMPFRONT.txt (text/plain) in CBT.V505.FILE013.PDS, moved to PDS/TMPFRONT
2025-04-14 22:08:31.613605 - Found TMS#RACF.txt (text/plain) in CBT.V505.FILE013.PDS, moved to PDS/TMS#RACF
2025-04-14 22:08:31.613804 - Found TSOSUB01.txt (text/plain) in CBT.V505.FILE013.PDS, moved to PDS/TSOSUB01
2025-04-14 22:08:31.614423 - Found UADSDUMP.txt (text/plain) in CBT.V505.FILE013.PDS, moved to PDS/UADSDUMP
2025-04-14 22:08:31.614886 - Found UADSREF.txt (text/plain) in CBT.V505.FILE013.PDS, moved to PDS/UADSREF
2025-04-14 22:08:31.615096 - Found UCC7DSNX.txt (text/plain) in CBT.V505.FILE013.PDS, moved to PDS/UCC7DSNX
2025-04-14 22:08:31.615310 - Found UCC7LOGF.txt (text/plain) in CBT.V505.FILE013.PDS, moved to PDS/UCC7LOGF
2025-04-14 22:08:31.615689 - Found UCC7LOGO.txt (text/plain) in CBT.V505.FILE013.PDS, moved to PDS/UCC7LOGO
2025-04-14 22:08:31.615968 - Found UNPROTCT.txt (text/plain) in CBT.V505.FILE013.PDS, moved to PDS/UNPROTCT
2025-04-14 22:08:31.616162 - Found USRSCT.txt (text/plain) in CBT.V505.FILE013.PDS, moved to PDS/USRSCT
2025-04-14 22:08:31.616346 - Found USRSVT.txt (text/plain) in CBT.V505.FILE013.PDS, moved to PDS/USRSVT
2025-04-14 22:08:31.616668 - Found VLOGON.jcl (text/plain) in CBT.V505.FILE013.PDS, moved to PDS/VLOGON
2025-04-14 22:08:31.616848 - Found VLOGONP.txt (text/plain) in CBT.V505.FILE013.PDS, moved to PDS/VLOGONP
2025-04-14 22:08:31.617019 - Found WHOIS.txt (text/plain) in CBT.V505.FILE013.PDS, moved to PDS/WHOIS
2025-04-14 22:08:31.617185 - Found WHOIS$.jcl (text/plain) in CBT.V505.FILE013.PDS, moved to PDS/WHOIS$
2025-04-14 22:08:31.617373 - Found WHOIS01.txt (text/plain) in CBT.V505.FILE013.PDS, moved to PDS/WHOIS01
2025-04-14 22:08:31.617659 - Found WPC.txt (text/plain) in CBT.V505.FILE013.PDS, moved to PDS/WPC
2025-04-14 22:08:31.617845 - Found ZAPDFP.txt (text/plain) in CBT.V505.FILE013.PDS, moved to PDS/ZAPDFP
2025-04-14 22:08:31.618004 - Found ZAPDFPO.txt (text/plain) in CBT.V505.FILE013.PDS, moved to PDS/ZAPDFPO
